// Jest Snapshot v1, https://goo.gl/fbAQLP

exports[`session reducer initial state 1`] = `
Object {
  "user": null,
}
`;
