// Jest Snapshot v1, https://goo.gl/fbAQLP

exports[`lobby reducer initial state 1`] = `
Object {
  "games": Array [],
}
`;
