// Jest Snapshot v1, https://goo.gl/fbAQLP

exports[`chat reducer initial state 1`] = `Object {}`;
