// Jest Snapshot v1, https://goo.gl/fbAQLP

exports[`registration reducer initial state 1`] = `
Object {
  "loading": false,
}
`;
