// Jest Snapshot v1, https://goo.gl/fbAQLP

exports[`users reducer initial state 1`] = `Object {}`;
